[corteslucrativos.com.br/index.html]
[backblue.gif]
[fade.gif]
[index.html]
[corteslucrativos.com.br/wp-content/plugins/metform/public/assets/css/text-editorcd70.css]
[corteslucrativos.com.br/wp-content/themes/hello-elementor/style.min41fe.css]
[corteslucrativos.com.br/feed/index.html]
[corteslucrativos.com.br/comments/feed/index.html]
[corteslucrativos.com.br/wp-content/themes/hello-elementor/theme.min41fe.css]
[corteslucrativos.com.br/wp-content/themes/hello-elementor/header-footer.min41fe.css]
[corteslucrativos.com.br/wp-content/plugins/elementor/assets/css/frontend-lite.minf3b2.css]
[corteslucrativos.com.br/wp-content/uploads/elementor/css/post-53fbc.css]
[corteslucrativos.com.br/wp-content/plugins/elementor/assets/lib/swiper/v8/css/swiper.min94a4.css]
[corteslucrativos.com.br/wp-content/plugins/elementor-pro/assets/css/frontend-lite.min2c7c.css]
[corteslucrativos.com.br/wp-content/plugins/elementor/assets/lib/font-awesome/css/all.minf3b2.css]
[corteslucrativos.com.br/wp-content/uploads/elementor/css/global3ccd.css]
[corteslucrativos.com.br/wp-content/uploads/elementor/css/post-1224b295.css]
[corteslucrativos.com.br/wp-content/plugins/elementor/assets/lib/font-awesome/css/v4-shims.minf3b2.css]
[corteslucrativos.com.br/wp-content/plugins/elementor/assets/lib/font-awesome/js/v4-shims.minf3b2.js]
[corteslucrativos.com.br/wp-json/wp/v2/pages/1224.json]
[corteslucrativos.com.br/wp-json/index.html]
[corteslucrativos.com.br/xmlrpc0db0.php]
[corteslucrativos.com.br/wp-json/oembed/1.0/embedc4b3.json]
[corteslucrativos.com.br/wp-json/oembed/1.0/embedd323]
[corteslucrativos.com.br/wp-content/uploads/2024/03/cropped-cropped-Inserir-um-titulo-300-x-250-px-800-x-500-px-400-x-250-px-1280-x-720-px-1250-x-1250-pxdyyy-32x32.png]
[corteslucrativos.com.br/wp-content/uploads/2024/03/cropped-cropped-Inserir-um-titulo-300-x-250-px-800-x-500-px-400-x-250-px-1280-x-720-px-1250-x-1250-pxdyyy-192x192.png]
[corteslucrativos.com.br/wp-content/uploads/2024/03/cropped-cropped-Inserir-um-titulo-300-x-250-px-800-x-500-px-400-x-250-px-1280-x-720-px-1250-x-1250-pxdyyy-180x180.png]
[corteslucrativos.com.br/wp-content/uploads/2024/03/Inserir-um-titulo-300-x-250-px-800-x-500-px-400-x-250-px-1280-x-720-px-1250-x-1250-pxdyyy.png]
[corteslucrativos.com.br/wp-content/uploads/2023/10/dfhfdh.png]
[corteslucrativos.com.br/wp-content/plugins/elementor/assets/css/widget-icon-box.min.css]
[corteslucrativos.com.br/wp-content/uploads/2023/10/1-3.png]
[corteslucrativos.com.br/wp-content/uploads/2023/10/2-2.png]
[corteslucrativos.com.br/wp-content/uploads/2023/10/3-2.png]
[corteslucrativos.com.br/wp-content/uploads/2023/10/4-2.png]
[corteslucrativos.com.br/wp-content/uploads/2023/10/5-2.png]
[corteslucrativos.com.br/wp-content/uploads/2023/10/6-2.png]
[corteslucrativos.com.br/wp-content/uploads/2024/02/Inserir-um-titulo-2000-x-590-px-400-x-400-px-320-x-480-px-200-x-400-px-720-x-1280-px-1000-x-1500-pxkjljk.png]
[corteslucrativos.com.br/wp-content/uploads/2023/10/6-1-1.png]
[corteslucrativos.com.br/wp-content/uploads/2023/10/7-1-1.png]
[corteslucrativos.com.br/wp-content/uploads/2023/10/8-1-1.png]
[corteslucrativos.com.br/wp-content/uploads/2023/10/9-1-1.png]
[corteslucrativos.com.br/wp-content/uploads/2023/10/10-2.png]
[corteslucrativos.com.br/wp-content/uploads/2024/01/5-2.png]
[corteslucrativos.com.br/wp-content/uploads/2024/01/6-2.png]
[corteslucrativos.com.br/wp-content/uploads/2024/01/7-2.png]
[corteslucrativos.com.br/wp-content/uploads/2024/01/1-2.png]
[corteslucrativos.com.br/wp-content/uploads/2023/11/2.png]
[corteslucrativos.com.br/wp-content/uploads/2023/10/kdjfljgldf.png]
[corteslucrativos.com.br/wp-content/uploads/2024/01/9-2.png]
[corteslucrativos.com.br/wp-content/uploads/2024/01/10-2.png]
[corteslucrativos.com.br/wp-content/uploads/2024/01/2-1.png]
[corteslucrativos.com.br/wp-content/uploads/2024/01/15-2.png]
[corteslucrativos.com.br/wp-content/uploads/2023/10/TikTokggfdg.png]
[corteslucrativos.com.br/wp-content/uploads/2023/10/ljlikjljljl.png]
[corteslucrativos.com.br/wp-content/uploads/2023/10/5645.6545.6.png]
[corteslucrativos.com.br/wp-content/uploads/2024/01/13-2.png]
[corteslucrativos.com.br/wp-content/uploads/2024/01/12-2.png]
[corteslucrativos.com.br/wp-content/uploads/2024/01/11-2.png]
[corteslucrativos.com.br/wp-content/uploads/2024/01/3-2.png]
[corteslucrativos.com.br/wp-content/uploads/2023/10/65665655363232.png]
[corteslucrativos.com.br/wp-content/uploads/2024/01/3-3.png]
[corteslucrativos.com.br/wp-content/uploads/2024/01/1-3.png]
[corteslucrativos.com.br/wp-content/uploads/2024/01/15-3.png]
[corteslucrativos.com.br/wp-content/uploads/2023/10/fghjgfhj.png]
[corteslucrativos.com.br/wp-content/uploads/2024/01/22-2.png]
[corteslucrativos.com.br/wp-content/uploads/2023/10/lcsvmmlsvml.svlda_.png]
[corteslucrativos.com.br/wp-content/uploads/2024/01/16-2.png]
[corteslucrativos.com.br/wp-content/uploads/2023/10/wewefweffwed.png]
[corteslucrativos.com.br/wp-content/uploads/2023/10/TikTok656.png]
[corteslucrativos.com.br/wp-content/uploads/2023/10/wfgwgfwgf.png]
[corteslucrativos.com.br/wp-content/uploads/2023/10/dhdhfhdfhdfhdf.png]
[corteslucrativos.com.br/wp-content/uploads/2024/01/4-3.png]
[corteslucrativos.com.br/wp-content/uploads/2024/01/5-3.png]
[corteslucrativos.com.br/wp-content/uploads/2024/01/6-3.png]
[corteslucrativos.com.br/wp-content/uploads/2024/01/7-3.png]
[corteslucrativos.com.br/wp-content/uploads/2024/01/8-3.png]
[corteslucrativos.com.br/wp-content/uploads/2024/01/9-3.png]
[corteslucrativos.com.br/wp-content/uploads/2024/01/10-3.png]
[corteslucrativos.com.br/wp-content/uploads/2023/10/jsfgdkljdfgljkgdfd.png]
[corteslucrativos.com.br/wp-content/uploads/2024/01/11-3.png]
[corteslucrativos.com.br/wp-content/uploads/2024/01/12-3.png]
[corteslucrativos.com.br/wp-content/uploads/2024/01/13-3.png]
[corteslucrativos.com.br/wp-content/uploads/2023/10/fjfgjfgjfggj.png]
[corteslucrativos.com.br/wp-content/uploads/2024/01/14-3.png]
[corteslucrativos.com.br/wp-content/uploads/2023/10/sdfgdsfgdsg.png]
[corteslucrativos.com.br/wp-content/uploads/2024/01/17-2.png]
[corteslucrativos.com.br/wp-content/uploads/2024/01/18-2.png]
[corteslucrativos.com.br/wp-content/uploads/2023/10/svdsvdvsdl.png]
[corteslucrativos.com.br/wp-content/uploads/2024/01/19-2.png]
[corteslucrativos.com.br/wp-content/uploads/2024/01/20-2.png]
[corteslucrativos.com.br/wp-content/uploads/2024/01/21-2.png]
[corteslucrativos.com.br/wp-content/uploads/2024/01/23-2.png]
[corteslucrativos.com.br/wp-content/uploads/2023/10/sfgdsdggdssdhhj.png]
[corteslucrativos.com.br/wp-content/uploads/2024/01/24-2.png]
[corteslucrativos.com.br/wp-content/uploads/2024/01/25-2.png]
[corteslucrativos.com.br/wp-content/uploads/2024/01/26-2.png]
[corteslucrativos.com.br/wp-content/uploads/2024/01/27-2.png]
[corteslucrativos.com.br/wp-content/uploads/2023/10/TikTokfewfwef.png]
[corteslucrativos.com.br/wp-content/uploads/2024/01/28-1.png]
[corteslucrativos.com.br/wp-content/uploads/2023/10/LDH-2048x2048.png]
[corteslucrativos.com.br/wp-content/uploads/2023/10/gslkerg-2048x2048.png]
[corteslucrativos.com.br/wp-content/uploads/2024/03/Design-sem-nomeulull-1024x1024.png]
[corteslucrativos.com.br/wp-content/uploads/2024/02/01E24A2D-35DD-4164-A92D-C6150D52E9C1.png]
[corteslucrativos.com.br/wp-content/uploads/2023/10/CARD-1.png]
[corteslucrativos.com.br/wp-content/plugins/elementor/assets/lib/animations/animations.minf3b2.css]
[corteslucrativos.com.br/wp-content/themes/hello-elementor/assets/js/hello-frontend.min41fe.js]
[player.pandavideo.com.br/api.v2b0fd.js]
[player.pandavideo.com.br/player.externalb0fd.js]
[corteslucrativos.com.br/wp-content/plugins/elementor-pro/assets/js/webpack-pro.runtime.min2c7c.js]
[corteslucrativos.com.br/wp-content/plugins/elementor/assets/js/webpack.runtime.minf3b2.js]
[corteslucrativos.com.br/wp-includes/js/jquery/jquery.minf43b.js]
[corteslucrativos.com.br/wp-includes/js/jquery/jquery-migrate.min5589.js]
[corteslucrativos.com.br/wp-content/plugins/elementor/assets/js/frontend-modules.minf3b2.js]
[corteslucrativos.com.br/wp-includes/js/dist/hooks.min2757.js]
[corteslucrativos.com.br/wp-includes/js/dist/i18n.minc33c.js]
[corteslucrativos.com.br/wp-content/plugins/elementor-pro/assets/js/frontend.min2c7c.js]
[corteslucrativos.com.br/wp-content/plugins/elementor/assets/lib/waypoints/waypoints.min05da.js]
[corteslucrativos.com.br/wp-includes/js/jquery/ui/core.minb37e.js]
[corteslucrativos.com.br/wp-content/plugins/elementor/assets/js/frontend.minf3b2.js]
[corteslucrativos.com.br/wp-content/plugins/elementor-pro/assets/js/elements-handlers.min2c7c.js]
[corteslucrativos.com.br/index.html]
[corteslucrativos.com.br/wp-content/plugins/metform/public/assets/css/text-editorcd70.css]
[corteslucrativos.com.br/wp-content/themes/hello-elementor/style.min41fe.css]
[corteslucrativos.com.br/wp-content/themes/hello-elementor/theme.min41fe.css]
[corteslucrativos.com.br/wp-content/themes/hello-elementor/header-footer.min41fe.css]
[corteslucrativos.com.br/wp-content/plugins/elementor/assets/css/frontend-lite.minf3b2.css]
[corteslucrativos.com.br/wp-content/uploads/elementor/css/post-53fbc.css]
[corteslucrativos.com.br/wp-content/plugins/elementor/assets/lib/swiper/v8/css/swiper.min94a4.css]
[corteslucrativos.com.br/wp-content/plugins/elementor-pro/assets/css/frontend-lite.min2c7c.css]
[corteslucrativos.com.br/wp-content/uploads/elementor/css/global3ccd.css]
[corteslucrativos.com.br/wp-content/uploads/2023/10/Design-sem-jj.png]
[corteslucrativos.com.br/wp-content/uploads/elementor/css/post-1224b295.css]
[corteslucrativos.com.br/wp-content/plugins/elementor/assets/lib/font-awesome/webfonts/fa-brands-400.eot]
[corteslucrativos.com.br/wp-content/plugins/elementor/assets/lib/font-awesome/webfonts/fa-brands-400d41d.eot]
[corteslucrativos.com.br/wp-content/plugins/elementor/assets/lib/font-awesome/webfonts/fa-brands-400.woff2]
[corteslucrativos.com.br/wp-content/plugins/elementor/assets/lib/font-awesome/webfonts/fa-brands-400.woff]
[corteslucrativos.com.br/wp-content/plugins/elementor/assets/lib/font-awesome/webfonts/fa-brands-400.ttf]
[corteslucrativos.com.br/wp-content/plugins/elementor/assets/lib/font-awesome/webfonts/fa-brands-400.svg]
[corteslucrativos.com.br/wp-content/plugins/elementor/assets/lib/font-awesome/webfonts/fa-regular-400.eot]
[corteslucrativos.com.br/wp-content/plugins/elementor/assets/lib/font-awesome/webfonts/fa-regular-400d41d.eot]
[corteslucrativos.com.br/wp-content/plugins/elementor/assets/lib/font-awesome/webfonts/fa-regular-400.woff2]
[corteslucrativos.com.br/wp-content/plugins/elementor/assets/lib/font-awesome/webfonts/fa-regular-400.woff]
[corteslucrativos.com.br/wp-content/plugins/elementor/assets/lib/font-awesome/webfonts/fa-regular-400.ttf]
[corteslucrativos.com.br/wp-content/plugins/elementor/assets/lib/font-awesome/webfonts/fa-regular-400.svg]
[corteslucrativos.com.br/wp-content/plugins/elementor/assets/lib/font-awesome/webfonts/fa-solid-900.eot]
[corteslucrativos.com.br/wp-content/plugins/elementor/assets/lib/font-awesome/webfonts/fa-solid-900d41d.eot]
[corteslucrativos.com.br/wp-content/plugins/elementor/assets/lib/font-awesome/webfonts/fa-solid-900.woff2]
[corteslucrativos.com.br/wp-content/plugins/elementor/assets/lib/font-awesome/webfonts/fa-solid-900.woff]
[corteslucrativos.com.br/wp-content/plugins/elementor/assets/lib/font-awesome/webfonts/fa-solid-900.ttf]
[corteslucrativos.com.br/wp-content/plugins/elementor/assets/lib/font-awesome/css/all.minf3b2.css]
[corteslucrativos.com.br/wp-content/plugins/elementor/assets/lib/font-awesome/css/v4-shims.minf3b2.css]
[corteslucrativos.com.br/wp-content/plugins/elementor/assets/lib/font-awesome/js/v4-shims.minf3b2.js]
[www.googletagmanager.com/gtm5445.html]
[corteslucrativos.com.br/wp-content/plugins/elementor/assets/css/widget-icon-box.min.css]
[corteslucrativos.com.br/wp-content/plugins/elementor/assets/lib/animations/animations.minf3b2.css]
[corteslucrativos.com.br/wp-content/themes/hello-elementor/assets/js/hello-frontend.min41fe.js]
[corteslucrativos.com.br/wp-content/plugins/elementor-pro/assets/js/webpack-pro.runtime.min2c7c.js]
[corteslucrativos.com.br/wp-content/plugins/elementor/assets/js/webpack.runtime.minf3b2.js]
[corteslucrativos.com.br/wp-includes/js/jquery/jquery.minf43b.js]
[corteslucrativos.com.br/wp-includes/js/jquery/jquery-migrate.min5589.js]
[corteslucrativos.com.br/wp-content/plugins/elementor/assets/js/frontend-modules.minf3b2.js]
[corteslucrativos.com.br/wp-includes/js/dist/hooks.min2757.js]
[corteslucrativos.com.br/wp-includes/js/dist/i18n.minc33c.js]
[corteslucrativos.com.br/wp-content/plugins/elementor-pro/assets/js/frontend.min2c7c.js]
[corteslucrativos.com.br/wp-content/plugins/elementor/assets/lib/waypoints/waypoints.min05da.js]
[corteslucrativos.com.br/wp-includes/js/jquery/ui/core.minb37e.js]
[corteslucrativos.com.br/wp-content/plugins/elementor/assets/lib/font-awesome/webfonts/fa-solid-900.svg]
[corteslucrativos.com.br/Trident/index.html]
[corteslucrativos.com.br/-negative.85.delayed]
[corteslucrativos.com.br/wp-content/plugins/elementor/assets/js/frontend.minf3b2.js]
[corteslucrativos.com.br/wp-content/plugins/elementor-pro/assets/js/elements-handlers.min2c7c.js]
[corteslucrativos.com.br/wp-content/plugins/elementor/assets/lib/font-awesome/webfonts/fa-brands-400.svg]
[corteslucrativos.com.br/wp-content/plugins/elementor/assets/lib/font-awesome/webfonts/fa-regular-400.svg]
[corteslucrativos.com.br/OPR/index.html]
[corteslucrativos.com.br/wp-content/plugins/elementor/assets/lib/font-awesome/webfonts/fa-solid-900.svg]
[corteslucrativos.com.br/Trident/index.html]
[corteslucrativos.com.br/-negative.html]
[corteslucrativos.com.br/OPR/index.html]
